// Jest Snapshot v1, https://goo.gl/fbAQLP

exports[`<PageNotFound /> renders 1`] = `
<PageNotFound>
  <div
    className="has-padding-4 has-text-center"
  >
    <SetMeta
      pageNotFound={true}
    />
    <h1>
      Sorry, that page doesn't exist. :(
    </h1>
    <p
      className="has-no-margin-bottom"
    >
      Did you enter the URL correctly?
    </p>
  </div>
</PageNotFound>
`;
