// Jest Snapshot v1, https://goo.gl/fbAQLP

exports[`<Docs /> renders 1`] = `
<BrowserRouter>
  <Router
    history={
      Object {
        "action": "POP",
        "block": [Function],
        "createHref": [Function],
        "go": [Function],
        "goBack": [Function],
        "goForward": [Function],
        "length": 1,
        "listen": [Function],
        "location": Object {
          "hash": "",
          "pathname": "/",
          "search": "",
          "state": undefined,
        },
        "push": [Function],
        "replace": [Function],
      }
    }
  >
    <Docs>
      <div
        className="fluid grid has-no-padding"
        id="docs"
      >
        <div
          className="row"
        >
          <SideNav />
          <div
            className="is-xsmall-12 is-xlarge-10 column has-padding-3"
          >
            <DocsRoutes />
          </div>
        </div>
      </div>
    </Docs>
  </Router>
</BrowserRouter>
`;
